test@test-OptiPlex-3020:~$ minicom


Welcome to minicom 2.7

OPTIONS: I18n 
Compiled on Nov 15 2018, 20:18:47.
Port /dev/ttyUSB0, 11:40:36

Press CTRL-A Z for help on special keys



U-Boot 2015.01 ADI-1.3.0 (Jul 15 2019 - 18:25:17)

CPU:   ADSP ADSP-SC589-0.1 (Detected Rev: 1.1) (spi flash boot)
VCO: 450 MHz, Cclk0: 450 MHz, Sclk0: 112.500 MHz, Sclk1: 112.500 MHz, DCLK: 450z
OCLK: 150 MHz
       Watchdog enabled
I2C:   ready
DRAM:  224 MiB
MMC:   SC5XX SDH: 0
SF: Detected W25Q128BV with page size 256 Bytes, erase size 4 KiB, total 16 MiB
In:    serial
Out:   serial
Err:   serial                                                                   
other init                                                                      
Net:   dwmac.3100c000                                                           
Hit any key to stop autoboot:  0                                                
sc # print                                                                      
addip=set bootargs ${bootargs} ip=${ipaddr}:${serverip}:${gatewayip}:${netmask}f
autoload=no                                                                     
baudrate=57600                                                                  
bootargs=root=/dev/mtdblock2 rw rootfstype=jffs2 clkin_hz=(25000000) earlyprintM
bootcmd=run ramboot                                                             
bootdelay=5                                                                     
dtbaddr=0xC4000000                                                              
dtbfile=sc589-ezkit.dtb                                                         
ethact=dwmac.3100c000                                                           
ethaddr=02:80:ad:20:31:e8                                                       
gatewayip=192.168.0.1                                                           
hostname="sc58x"                                                                
initramaddr=0xC5000000                                                          
initramfile=ramdisk.cpio.xz.u-boot                                              
ipaddr=10.100.4.50                                                              
loadaddr=0xC2000000                                                             
loads_echo=1                                                                    
nc=set ncip ${serverip};set stdin nc;set stdout nc;set stderr nc                
netmask=255.255.255.0                                                           
nfsargs=set bootargs root=/dev/nfs rw nfsroot=${serverip}:${rootpath},tcp,nfsveM
nfsboot=tftp ${loadaddr} ${nfsfile};tftp ${dtbaddr} ${dtbfile};run nfsargs;run }
nfsfile=zImage                                                                  
ramargs=set bootargs root=/dev/ram clkin_hz=(25000000) earlyprintk=serial,uart0M
ramboot=tftp ${loadaddr} ${ramfile};tftp ${dtbaddr} ${dtbfile};tftp ${initramad}
ramfile=zImage                                                                  
rootpath=/romfs                                                                 
serverip=10.100.4.174                                                           
stderr=serial                                                                   
stdin=serial                                                                    
stdout=serial                                                                   
ubootfile=u-boot.ldr                                                            
update=tftp ${loadaddr} ${ubootfile};sf probe 2:1;sf erase 0 0x80000;sf write $}
                                                                                
Environment size: 1477/8188 bytes                                               
sc # run nfsboot                                                                
Speed: 1000, full duplex                                                        
Using dwmac.3100c000 device                                                     
TFTP from server 10.100.4.174; our IP address is 10.100.4.50                    
Filename 'zImage'.                                                              
Load address: 0xc2000000                                                        
Loading: #################################################################      
         #################################################################      
         #################################################################      
         #################################################################      
         ##################################                                     
         4.8 MiB/s                                                              
done                                                                            
Bytes transferred = 4306592 (41b6a0 hex)                                        
Speed: 1000, full duplex                                                        
Using dwmac.3100c000 device                                                     
TFTP from server 10.100.4.174; our IP address is 10.100.4.50                    
Filename 'sc589-ezkit.dtb'.                                                     
Load address: 0xc4000000                                                        
Loading: ##                                                                     
         3.8 MiB/s                                                              
done                                                                            
Bytes transferred = 19773 (4d3d hex)                                            
Kernel image @ 0xc2000000 [ 0x000000 - 0x41b6a0 ]                               
## Flattened Device Tree blob at c4000000                                       
   Booting using the fdt blob at 0xc4000000                                     
   Loading Device Tree to cfe56000, end cfe5dd3c ... OK                         
                                                                                
Starting kernel ...                                                             
                                                                                
Uncompressing Linux... done, booting the kernel.                                
Booting Linux on physical CPU 0x0                                               
Linux version 4.16.0 (oe-user@oe-host) (gcc version 8.2.0 (GCC)) #1 Thu Jul 18 9
CPU: ARMv7 Processor [410fc051] revision 1 (ARMv7), cr=10c53c7d                 
CPU: PIPT / VIPT nonaliasing data cache, VIPT aliasing instruction cache        
OF: fdt: Machine model: ADI sc589-ezkit                                         
bootconsole [earlycon0] enabled                                                 
Memory policy: Data cache writeback                                             
Hit pending asynchronous external abort (FSR=0x00001c06) during first unmask, t.
CPU: All CPU(s) started in SVC mode.                                            
dump init clock rate                                                            
CGU0_PLL 450 MHz                                                                
CGU0_SYSCLK 225 MHz                                                             
CGU0_CCLK 450 MHz                                                               
CGU0_SYS0 112 MHz                                                               
CGU0_DCLK 450 MHz                                                               
CGU0_OCLK 150 MHz                                                               
CGU0_SYS0 112 MHz                                                               
random: fast init done                                                          
Built 1 zonelists, mobility grouping on.  Total pages: 56896                    
Kernel command line: root=/dev/nfs rw nfsroot=10.100.4.174:/romfs,tcp,nfsvers=3f
Dentry cache hash table entries: 32768 (order: 5, 131072 bytes)                 
Inode-cache hash table entries: 16384 (order: 4, 65536 bytes)                   
Memory: 217684K/229376K available (6144K kernel code, 211K rwdata, 1688K rodata)
Virtual kernel memory layout:                                                   
    vector  : 0xffff0000 - 0xffff1000   (   4 kB)                               
    fixmap  : 0xffc00000 - 0xfff00000   (3072 kB)                               
    vmalloc : 0xce800000 - 0xff800000   ( 784 MB)                               
    lowmem  : 0xc0000000 - 0xce000000   ( 224 MB)                               
    modules : 0xbf000000 - 0xc0000000   (  16 MB)                               
      .text : 0x(ptrval) - 0x(ptrval)   (7136 kB)                               
      .init : 0x(ptrval) - 0x(ptrval)   (1024 kB)                               
      .data : 0x(ptrval) - 0x(ptrval)   ( 212 kB)                               
       .bss : 0x(ptrval) - 0x(ptrval)   ( 127 kB)                               
NR_IRQS: 16, nr_irqs: 16, preallocated irqs: 16                                 
clocksource: cs_gptimer: mask: 0xffffffff max_cycles: 0xffffffff, max_idle_ns: s
sched_clock: 32 bits at 112MHz, resolution 8ns, wraps every 19088743419ns       
Console: colour dummy device 80x30                                              
Calibrating delay loop... 297.98 BogoMIPS (lpj=595968)                          
pid_max: default: 32768 minimum: 301                                            
Mount-cache hash table entries: 1024 (order: 0, 4096 bytes)                     
Mountpoint-cache hash table entries: 1024 (order: 0, 4096 bytes)                
CPU: Testing write buffer coherency: ok                                         
Setting up static identity map for 0xc2100000 - 0xc210003c                      
devtmpfs: initialized                                                           
VFP support v0.3: implementor 41 architecture 2 part 30 variant 5 rev 1         
SRAM available: 0xf2085000 - 0xf20a1000                                         
Fail to request SRAM ECC error interrupt.                                       
clocksource: jiffies: mask: 0xffffffff max_cycles: 0xffffffff, max_idle_ns: 764s
futex hash table entries: 256 (order: -1, 3072 bytes)                           
pinctrl core: initialized pinctrl subsystem                                     
NET: Registered protocol family 16                                              
DMA: preallocated 256 KiB pool for atomic coherent allocations                  
L2C: device tree omits to specify unified cache                                 
L2C-310 dynamic clock gating enabled, standby mode enabled                      
L2C-310 cache controller enabled, 8 ways, 256 kB                                
L2C-310: CACHE_ID 0x410000c9, AUX_CTRL 0x06040000                               
sc58x_init: registering device resources                                        
sec init...                                                                     
enabled                                                                         
hw-breakpoint: Failed to enable monitor mode on CPU 0.                          
ADI DMA2 Controller                                                             
SCSI subsystem initialized                                                      
usbcore: registered new interface driver usbfs                                  
usbcore: registered new interface driver hub                                    
usbcore: registered new device driver usb                                       
GPIO line 504 (adau1962-rst) hogged as output/low                               
i2c-adi-twi 31001400.twi: ADI on-chip I2C TWI Controller, regs_base@c046a634    
i2c-adi-twi 31001500.twi: ADI on-chip I2C TWI Controller, regs_base@4e021ee0    
i2c-adi-twi 31001600.twi: ADI on-chip I2C TWI Controller, regs_base@db5a5dbf    
media: Linux media interface: v0.10                                             
Linux video capture interface: v2.00                                            
pps_core: LinuxPPS API ver. 1 registered                                        
pps_core: Software ver. 5.3.6 - Copyright 2005-2007 Rodolfo Giometti <giometti@>
PTP clock support registered                                                    
Advanced Linux Sound Architecture Driver Initialized.                           
clocksource: Switched to clocksource cs_gptimer                                 
NET: Registered protocol family 2                                               
tcp_listen_portaddr_hash hash table entries: 512 (order: 0, 4096 bytes)         
TCP established hash table entries: 2048 (order: 1, 8192 bytes)                 
TCP bind hash table entries: 2048 (order: 1, 8192 bytes)                        
TCP: Hash tables configured (established 2048 bind 2048)                        
UDP hash table entries: 256 (order: 0, 4096 bytes)                              
UDP-Lite hash table entries: 256 (order: 0, 4096 bytes)                         
NET: Registered protocol family 1                                               
RPC: Registered named UNIX socket transport module.                             
RPC: Registered udp transport module.                                           
RPC: Registered tcp transport module.                                           
RPC: Registered tcp NFSv4.1 backchannel transport module.                       
hw perfevents: no interrupt-affinity property for /pmu, guessing.               
hw perfevents: enabled with armv7_cortex_a5 PMU driver, 3 counters available    
Initialise system trusted keyrings                                              
workingset: timestamp_bits=30 max_order=16 bucket_order=0                       
NFS: Registering the id_resolver key type                                       
Key type id_resolver registered                                                 
Key type id_legacy registered                                                   
nfs4filelayout_init: NFSv4 File Layout Driver Registering...                    
jffs2: version 2.2. (NAND) �© 2001-2006 Red Hat, Inc.                           
Key type asymmetric registered                                                  
Asymmetric key parser 'x509' registered                                         
io scheduler noop registered (default)                                          
io scheduler mq-deadline registered                                             
io scheduler kyber registered                                                   
APP_STAT=0,RSCKPHY_STAT=0,LINK_CTRL_STATUS_REG2=10001                           
sc58x-pcie 310b8000.pcie: Link training failed                                  
sc58x-pcie 310b8000.pcie: PORT_LINK_DEBUG0 = a80600, PORT_LINK_DEBUG1 = 8200000 
sc58x-pcie: probe of 310b8000.pcie failed with error -110                       
ADI serial driver                                                               
adi-uart4.0: ttySC0 at MMIO 0x31003000 (irq = 21, base_baud = 7031250) is a ADI4
console [ttySC0] enabled                                                        
console [ttySC0] enabled                                                        
bootconsole [earlycon0] disabled                                                
bootconsole [earlycon0] disabled                                                
loop: module loaded                                                             
adi-spi3 31042000.spi: registered ADI SPI controller spi0                       
m25p80 spi2.38: found w25q128, expected w25q32                                  
m25p80 spi2.38: w25q128 (16384 Kbytes)                                          
3 ofpart partitions found on MTD device spi2.38                                 
Creating 3 MTD partitions on "spi2.38":                                         
0x000000000000-0x000000080000 : "uboot (spi)"                                   
0x000000080000-0x000000600000 : "kernel (spi)"                                  
0x000000600000-0x000001000000 : "root file system (spi)"                        
adi-spi3 31044000.spi: registered ADI SPI controller spi2                       
libphy: Fixed MDIO Bus: probed                                                  
CAN device driver interface                                                     
stmmaceth 3100c000.ethernet: PTP uses main clock                                
stmmaceth 3100c000.ethernet: no reset control found                             
stmmac - user ID: 0x10, Synopsys ID: 0x37                                       
stmmaceth 3100c000.ethernet: Ring mode enabled                                  
stmmaceth 3100c000.ethernet: DMA HW capability register supported               
stmmaceth 3100c000.ethernet: Enhanced/Alternate descriptors                     
stmmaceth 3100c000.ethernet: Enabled extended descriptors                       
stmmaceth 3100c000.ethernet: RX Checksum Offload Engine supported               
stmmaceth 3100c000.ethernet: COE Type 2                                         
stmmaceth 3100c000.ethernet: TX Checksum insertion supported                    
stmmaceth 3100c000.ethernet: Wake-Up On Lan supported                           
stmmaceth 3100c000.ethernet: Enable RX Mitigation via HW Watchdog Timer         
libphy: stmmac: probed                                                          
force_sf_dma_mode is ignored if force_thresh_dma_mode is set.                   
stmmaceth 3100e000.ethernet: PTP uses main clock                                
stmmaceth 3100e000.ethernet: no reset control found                             
stmmac - user ID: 0x11, Synopsys ID: 0x37                                       
stmmaceth 3100e000.ethernet: Ring mode enabled                                  
stmmaceth 3100e000.ethernet: DMA HW capability register supported               
stmmaceth 3100e000.ethernet: Enhanced/Alternate descriptors                     
stmmaceth 3100e000.ethernet: Enabled extended descriptors                       
stmmaceth 3100e000.ethernet: RX Checksum Offload Engine supported               
stmmaceth 3100e000.ethernet: COE Type 2                                         
stmmaceth 3100e000.ethernet: Wake-Up On Lan supported                           
stmmaceth 3100e000.ethernet: Enable RX Mitigation via HW Watchdog Timer         
libphy: stmmac: probed                                                          
NS DP83848C 10/100 Mbps PHY stmmac-1:01: attached PHY driver [NS DP83848C 10/10)
usbcore: registered new interface driver usb-storage                            
musb-hdrc musb-hdrc.1.auto: MUSB HDRC host driver                               
musb-hdrc musb-hdrc.1.auto: new USB bus registered, assigned bus number 1       
hub 1-0:1.0: USB hub found                                                      
hub 1-0:1.0: 1 port detected                                                    
rtc rtc0: invalid alarm value: 1900-1-18 0:0:0                                  
rtc-adi2 310c8000.rtc: registered as rtc0                                       
i2c /dev entries driver                                                         
ppi probe success                                                               
adi_capture adi_capture.0: v4l2 device registered                               
adi_capture adi_capture.0: video device registered as: video0                   
adv7842 0-0020: got rev=0xfffb on first read attempt                            
adv7842 0-0020: not an adv7842 on address 0x40 (rev=0xfffb)                     
adi_capture adi_capture.0: Unable to register sub device                        
ppi probe success                                                               
adv7343 0-002b: chip found @ 0x56 (31001400.twi)                                
adv7343 0-002b: Error initializing                                              
adv7343: probe of 0-002b failed with error -1                                   
adi_display adi_display.0: Unable to register sub device                        
adi_wdt: initialized: timeout=20 sec (nowayout=0)                               
Synopsys Designware Multimedia Card Interface Driver                            
dwmmc_adi 31010000.mmc: IDMAC supports 32-bit address mode.                     
dwmmc_adi 31010000.mmc: Using internal DMA controller.                          
dwmmc_adi 31010000.mmc: Version ID is 270a                                      
dwmmc_adi 31010000.mmc: DW MMC controller at irq 47,32 bit host data width,1024o
mmc_host mmc0: Bus speed (slot 0) = 50000000Hz (slot req 400000Hz, actual 39682)
Blackfin hardware CRC crypto driver                                             
bfin-hmac-crc 31001200.crc: initialized                                         
bfin-hmac-crc 31001300.crc: initialized                                         
usbcore: registered new interface driver usbhid                                 
usbhid: USB HID core driver                                                     
usbcore: registered new interface driver r8712u                                 
adau1962 0-0004: busy to request reset-gpio 14                                  
01,2a,a0,00                                                                     
00,00,01,00                                                                     
06,00,00,00                                                                     
00,00,00,00                                                                     
00,00,00,00                                                                     
00,00,00,00                                                                     
00,aa,aa,aa                                                                     
sc5xx-i2s-dai 31002400.i2s: SPORT create success                                
snd-sc5xx scb:sound: adau1962-hifi <-> 31002400.i2s mapping ok                  
snd-sc5xx scb:sound: adau1977-hifi <-> 31002400.i2s mapping ok                  
NET: Registered protocol family 10                                              
Segment Routing with IPv6                                                       
sit: IPv6, IPv4 and MPLS over IPv4 tunneling driver                             
NET: Registered protocol family 17                                              
can: controller area network core (rev 20170425 abi 9)                          
NET: Registered protocol family 29                                              
can: raw protocol (rev 20170425)                                                
can: broadcast manager protocol (rev 20170425 t)                                
can: netlink gateway (rev 20170425) max_hops=1                                  
Key type dns_resolver registered                                                
ThumbEE CPU extension supported.                                                
Loading compiled-in X.509 certificates                                          
console [netcon0] enabled                                                       
netconsole: network logging started                                             
rtc-adi2 310c8000.rtc: setting system clock to 2019-07-18 05:10:49 UTC (1563426)
TI DP83867 stmmac-0:00: attached PHY driver [TI DP83867] (mii_bus:phy_addr=stmm)
stmmaceth 3100c000.ethernet eth0: IEEE 1588-2008 Advanced Timestamp supported   
stmmaceth 3100c000.ethernet eth0: registered PTP clock                          
IPv6: ADDRCONF(NETDEV_UP): eth0: link is not ready                              
stmmaceth 3100c000.ethernet eth0: Link is Up - 1Gbps/Full - flow control rx/tx  
IPv6: ADDRCONF(NETDEV_CHANGE): eth0: link becomes ready                         
IP-Config: Complete:                                                            
     device=eth0, hwaddr=02:80:ad:20:31:e8, ipaddr=10.100.4.50, mask=255.255.251
     host=sc58x, domain=, nis-domain=(none)                                     
     bootserver=10.100.4.174, rootserver=10.100.4.174, rootpath=                
IP-Config: Gateway not on directly connected network                            
cfg80211: Loading compiled-in X.509 certificates for regulatory database        
cfg80211: Loaded X.509 cert 'sforshee: 00b28ddf47aef9cea7'                      
ALSA device list:                                                               
  #0: sc5xx-asoc-card                                                           
platform regulatory.0: Direct firmware load for regulatory.db failed with error2
cfg80211: failed to load regulatory.db                                          
VFS: Mounted root (nfs filesystem) on device 0:11.                              
devtmpfs: mounted                                                               
Freeing unused kernel memory: 1024K                                             
INIT: version 2.88 booting                                                      
Starting udev                                                                   
udevd[775]: starting version 3.2.7                                              
udevd[775]: specified group 'kvm' unknown                                       
udevd[777]: starting eudev-3.2.7                                                
udevd[777]: inotify_init failed: Function not implemented                       
udevd[777]: error initializing inotify                                          
Thu Jul 18 06:41:32 UTC 2019                                                    
ALSA: Restoring mixer settings...                                               
INIT: Entering runlevel: 5                                                      
No state is present for card sc5xxasoccard                                      
Found hardware: "sc5xx-asoc-card" "" "" "" ""                                   
Hardware is initialized using a generic method                                  
No state is present for card sc5xxasoccard                                      
Configuring network interfaces... ip: RTNETLINK answers: File exists            
ifup skipped for nfsroot interface eth0                                         
run-parts: /etc/network/if-pre-up.d/nfsroot: exit status 1                      
Starting system message bus: dbus.                                              
Starting watchdog...                                                            
Starting OpenBSD Secure Shell server: sshd                                      
  generating ssh RSA host key...                                                
  generating ssh ECDSA host key...                                              
  generating ssh ED25519 host key...                                            
done.                                                                           
Starting rpcbind daemon...done.                                                 
Starting bluetooth: bluetoothd.                                                 
Starting network benchmark server: netserver.                                   
Starting syslogd/klogd: done                                                    
[ ok ]rting Avahi mDNS/DNS-SD Daemon: avahi-daemon                              
Starting Lighttpd Web Server: lighttpd.                                         
                                                                                
                                                                                
     @@@@@@@@@@@@@@@@@@@@@@@@@@@@@@@@@@@@@@@                                    
     @@@@@@@@  @@@@@@@@@@@@@@@@@@@@@@@@@@@@@                                    
     @@@@@@@@     @@@@@@@@@@@@@@@@@@@@@@@@@@                                    
     @@@@@@@@        @@@@@@@@@@@@@@@@@@@@@@@                                    
     @@@@@@@@            @@@@@@@@@@@@@@@@@@@                                    
     @@@@@@@@               @@@@@@@@@@@@@@@@                                    
     @@@@@@@@                   @@@@@@@@@@@@                                    
     @@@@@@@@                     @@@@@@@@@@                                    
     @@@@@@@@                        @@@@@@@                                    
     @@@@@@@@                     @@@@@@@@@@                                    
     @@@@@@@@                   @@@@@@@@@@@@                                    
     @@@@@@@@               @@@@@@@@@@@@@@@@                                    
     @@@@@@@@            @@@@@@@@@@@@@@@@@@@                                    
     @@@@@@@@        @@@@@@@@@@@@@@@@@@@@@@@                                    
     @@@@@@@@     @@@@@@@@@@@@@@@@@@@@@@@@@@                                    
     @@@@@@@@  @@@@@@@@@@@@@@@@@@@@@@@@@@@@@                                    
     @@@@@@@@@@@@@@@@@@@@@@@@@@@@@@@@@@@@@@@                                    
                                                                                
        Analog Devices Yocto Distribution                                       
                 www.analog.com                                                 
              www.yoctoproject.org                                              
                                                                                
adsp-sc589-ezkit login: random: crng init done                                  
                                                                                
                                                                                
     @@@@@@@@@@@@@@@@@@@@@@@@@@@@@@@@@@@@@@@                                    
     @@@@@@@@  @@@@@@@@@@@@@@@@@@@@@@@@@@@@@                                    
     @@@@@@@@     @@@@@@@@@@@@@@@@@@@@@@@@@@                                    
     @@@@@@@@        @@@@@@@@@@@@@@@@@@@@@@@                                    
     @@@@@@@@            @@@@@@@@@@@@@@@@@@@                                    
     @@@@@@@@               @@@@@@@@@@@@@@@@                                    
     @@@@@@@@                   @@@@@@@@@@@@                                    
     @@@@@@@@                     @@@@@@@@@@                                    
     @@@@@@@@                        @@@@@@@                                    
     @@@@@@@@                     @@@@@@@@@@                                    
     @@@@@@@@                   @@@@@@@@@@@@                                    
     @@@@@@@@               @@@@@@@@@@@@@@@@                                    
     @@@@@@@@            @@@@@@@@@@@@@@@@@@@                                    
     @@@@@@@@        @@@@@@@@@@@@@@@@@@@@@@@                                    
     @@@@@@@@     @@@@@@@@@@@@@@@@@@@@@@@@@@                                    
     @@@@@@@@  @@@@@@@@@@@@@@@@@@@@@@@@@@@@@                                    
     @@@@@@@@@@@@@@@@@@@@@@@@@@@@@@@@@@@@@@@                                    
                                                                                
        Analog Devices Yocto Distribution                                       
                 www.analog.com                                                 
              www.yoctoproject.org                                              
                                                                                
adsp-sc589-ezkit login: root                                                    
Password:                                                                       
root@adsp-sc589-ezkit:~# uname -a                                               
Linux adsp-sc589-ezkit 4.16.0 #1 Thu Jul 18 06:26:50 UTC 2019 armv7l GNU/Linux  
root@adsp-sc589-ezkit:~# cat /proc/version                                      
Linux version 4.16.0 (oe-user@oe-host) (gcc version 8.2.0 (GCC)) #1 Thu Jul 18 9
root@adsp-sc589-ezkit:~# insmod /dmacopy_module.ko                              
insmod: ERROR: could not load module /dmacopy_module.ko: No such file or directy
root@adsp-sc589-ezkit:~# ifconfig                                               
eth0      Link encap:Ethernet  HWaddr 02:80:AD:20:31:E8                         
          inet addr:10.100.4.50  Bcast:10.100.4.255  Mask:255.255.255.0         
          inet6 addr: fe80::80:adff:fe20:31e8/64 Scope:Link                     
          UP BROADCAST RUNNING MULTICAST  MTU:1500  Metric:1                    
          RX packets:10447 errors:0 dropped:0 overruns:0 frame:0                
          TX packets:8591 errors:0 dropped:0 overruns:0 carrier:0               
          collisions:0 txqueuelen:1000                                          
          RX bytes:10728703 (10.2 MiB)  TX bytes:1251076 (1.1 MiB)              
          Interrupt:44 Base address:0xc000                                      
                                                                                
lo        Link encap:Local Loopback                                             
          inet addr:127.0.0.1  Mask:255.0.0.0                                   
          inet6 addr: ::1/128 Scope:Host                                        
          UP LOOPBACK RUNNING  MTU:65536  Metric:1                              
          RX packets:0 errors:0 dropped:0 overruns:0 frame:0                    
          TX packets:0 errors:0 dropped:0 overruns:0 carrier:0                  
          collisions:0 txqueuelen:1000                                          
          RX bytes:0 (0.0 B)  TX bytes:0 (0.0 B)                                
                                                                                
root@adsp-sc589-ezkit:~# ifconfig eth0 02:80:AD:20:31:E8 up                     
ifconfig: bad address '02:80:AD:20:31:E8'                                       
root@adsp-sc589-ezkit:~# insmod /dmacopy_module.ko                              
insmod: ERROR: could not load module /dmacopy_module.ko: No such file or directy
root@adsp-sc589-ezkit:~# find ./ -name dmacopy_module.ko                        
root@adsp-sc589-ezkit:~# cd /                                                   
root@adsp-sc589-ezkit:/# find ./ -name dmacopy_module.ko  
